---
source: src/views/review_details_view.rs
expression: render_app_to_terminal_backend(app)
---
"┌ Review Details ──────────────────────────────────────────────────────────────────────────────────────────────────────────────────────────────────────────────┐"
"│┌ Title ─────────────────────────────────────────────────────────────────────────────────────────────────────────────────────────────────────────────────────┐│"
"││develop (asdf123) -> default (unknown)                                                                                                                      ││"
"│└────────────────────────────────────────────────────────────────────────────────────────────────────────────────────────────────────────────────────────────┘│"
"│┌ Files [ACTIVE] ──────────────┐┌ Diff Error ────────────────────────────────────────────────────────────────────────────────────────────────────────────────┐│"
"││                              ││Error: No diff files available                                                                                              ││"
"││                              ││                                                                                                                            ││"
"││                              ││                                                                                                                            ││"
"││                              ││                                                                                                                            ││"
"││                              ││                                                                                                                            ││"
"││                              ││                                                                                                                            ││"
"││                              ││                                                                                                                            ││"
"││                              ││                                                                                                                            ││"
"││                              ││                                                                                                                            ││"
"││                              ││                                                                                                                            ││"
"││                              ││                                                                                                                            ││"
"││                              ││                                                                                                                            ││"
"││                              ││                                                                                                                            ││"
"││                              ││                                                                                                                            ││"
"││                              ││                                                                                                                            ││"
"││                              ││                                                                                                                            ││"
"││                              ││                                                                                                                            ││"
"││                              ││                                                                                                                            ││"
"││                              ││                                                                                                                            ││"
"││                              ││                                                                                                                            ││"
"││                              ││                                                                                                                            ││"
"││                              ││                                                                                                                            ││"
"││                              ││                                                                                                                            ││"
"││                              ││                                                                                                                            ││"
"││                              ││                                                                                                                            ││"
"││                              ││                                                                                                                            ││"
"││                              ││                                                                                                                            ││"
"││                              ││                                                                                                                            ││"
"││                              ││                                                                                                                            ││"
"││                              ││                                                                                                                            ││"
"││                              ││                                                                                                                            ││"
"││                              ││                                                                                                                            ││"
"││                              ││                                                                                                                            ││"
"│└──────────────────────────────┘└────────────────────────────────────────────────────────────────────────────────────────────────────────────────────────────┘│"
"└──────────────────────────────────────────────────────────────────────────────────────────────────────────────────────────────────────────────────────────────┘"
