---
source: src/views/main.rs
expression: get_terminal_backend(app)
---
"┌git-local-review──────────────────────────────────────────────────────────────┐"
"│Git Local Review - Press 'n' to create a new review, 'q' to quit              │"
"└──────────────────────────────────────────────────────────────────────────────┘"
"┌Reviews───────────────────────────────────────────────────────────────────────┐"
"│Review 2 (2025-07-15 21:28)                                                   │"
"│Review 1 (2025-07-15 21:28)                                                   │"
"│                                                                              │"
"│                                                                              │"
"│                                                                              │"
"│                                                                              │"
"│                                                                              │"
"│                                                                              │"
"│                                                                              │"
"│                                                                              │"
"│                                                                              │"
"│                                                                              │"
"│                                                                              │"
"│                                                                              │"
"│                                                                              │"
"└──────────────────────────────────────────────────────────────────────────────┘"
