---
source: src/views/review_details_view.rs
expression: render_app_to_terminal_backend(app)
---
"┌ Review Details ──────────────────────────────────────────────────────────────────────────────────────────────────────────────────────────────────────────────┐"
"│┌ Title ─────────────────────────────────────────────────────────────────────────────────────────────────────────────────────────────────────────────────────┐│"
"││main (unknown) -> default (unknown)                                                                                                                         ││"
"│└────────────────────────────────────────────────────────────────────────────────────────────────────────────────────────────────────────────────────────────┘│"
"│┌ Files ───────────────────────┐┌ Content ───────────────────────────────────────────────────────────────────────────────────────────────────────────────────┐│"
"││No files to display           ││No diff to display                                                                                                          ││"
"││                              ││                                                                                                                            ││"
"││                              ││                                                                                                                            ││"
"││                              ││                                                                                                                            ││"
"││                              ││                                                                                                                            ││"
"││                              ││                                                                                                                            ││"
"││                              ││                                                                                                                            ││"
"││                              ││                                                                                                                            ││"
"││                              ││                                                                                                                            ││"
"││                              ││                                                                                                                            ││"
"││                              ││                                                                                                                            ││"
"││                              ││                                                                                                                            ││"
"││                              ││                                                                                                                            ││"
"││                              ││                                                                                                                            ││"
"││                              ││                                                                                                                            ││"
"││                              ││                                                                                                                            ││"
"││                              ││                                                                                                                            ││"
"││                              ││                                                                                                                            ││"
"││                              ││                                                                                                                            ││"
"││                              ││                                                                                                                            ││"
"││                              ││                                                                                                                            ││"
"││                              ││                                                                                                                            ││"
"││                              ││                                                                                                                            ││"
"││                              ││                                                                                                                            ││"
"││                              ││                                                                                                                            ││"
"││                              ││                                                                                                                            ││"
"││                              ││                                                                                                                            ││"
"││                              ││                                                                                                                            ││"
"││                              ││                                                                                                                            ││"
"││                              ││                                                                                                                            ││"
"││                              ││                                                                                                                            ││"
"││                              ││                                                                                                                            ││"
"││                              ││                                                                                                                            ││"
"│└──────────────────────────────┘└────────────────────────────────────────────────────────────────────────────────────────────────────────────────────────────┘│"
"└──────────────────────────────────────────────────────────────────────────────────────────────────────────────────────────────────────────────────────────────┘"
