---
source: src/views/confirmation_dialog.rs
expression: render_app_to_terminal_backend(app)
---
"                                                                                                                                                                "
"                                                                                                                                                                "
"                                                                                                                                                                "
"                                                                                                                                                                "
"                                                                                                                                                                "
"                                                                                                                                                                "
"                                                                                                                                                                "
"                                                                                                                                                                "
"                                                                                                                                                                "
"                                                                                                                                                                "
"                                                                                                                                                                "
"                                                                                                                                                                "
"                                                                                                                                                                "
"                                                                                                                                                                "
"                                                                                                                                                                "
"                                                                                                                                                                "
"                                                                                                                                                                "
"                                                                                                                                                                "
"                                        ╭Confirmation──────────────────────────────────────────────────────────────────╮                                        "
"                                        │Do you want to delete this review?                                            │                                        "
"                                        ╰──────────────────────────────────────────────────────────────────────────────╯                                        "
"                                                                                                                                                                "
"                                                                                                                                                                "
"                                                                                                                                                                "
"                                                                                                                                                                "
"                                                                                                                                                                "
"                                                                                                                                                                "
"                                                                                                                                                                "
"                                                                                                                                                                "
"                                                                                                                                                                "
"                                                                                                                                                                "
"                                                                                                                                                                "
"                                                                                                                                                                "
"                                                                                                                                                                "
"                                                                                                                                                                "
"                                                                                                                                                                "
"                                                                                                                                                                "
"                                                                                                                                                                "
"                                                                                                                                                                "
"                                                                                                                                                                "
